---
source: influxdb3/tests/cli/mod.rs
expression: result
---
Error:   Ã— server responded with error [409 Conflict]: table 'foo.bar' already exists
